[DSP 0] [thread_id 0] [start: 250 - end: 4095]
[DSP 12] [thread_id 0] [start: 250 - end: 4095]
[DSP 1] [thread_id 0] [start: 250 - end: 4095]
[DSP 1] [thread_id 250] [start: 500 - end: 4095]
[DSP 4] [thread_id 0] [start: 250 - end: 4095]
[DSP 8] [thread_id 0] [start: 250 - end: 4095]
[DSP 13] [thread_id 0] [start: 250 - end: 4095]
[DSP 2] [thread_id 0] [start: 250 - end: 4095]
[DSP 2] [thread_id 250] [start: 500 - end: 4095]
[DSP 5] [thread_id 0] [start: 250 - end: 4095]
[DSP 9] [thread_id 0] [start: 250 - end: 4095]
[DSP 14] [thread_id 0] [start: 250 - end: 4095]
[DSP 3] [thread_id 0] [start: 250 - end: 4095]
[DSP 3] [thread_id 250] [start: 500 - end: 4095]
[DSP 6] [thread_id 0] [start: 250 - end: 4095]
[DSP 6] [thread_id 250] [start: 500 - end: 4095]
[DSP 10] [thread_id 0] [start: 250 - end: 4095]
[DSP 10] [thread_id 250] [start: 500 - end: 4095]
[DSP 15] [thread_id 0] [start: 250 - end: 4095]
[DSP 15] [thread_id 250] [start: 500 - end: 4095]
[DSP 0] [thread_id 250] [start: 500 - end: 4095]
[DSP 7] [thread_id 0] [start: 250 - end: 4095]
[DSP 7] [thread_id 250] [start: 500 - end: 4095]
[DSP 11] [thread_id 0] [start: 250 - end: 4095]
[DSP 11] [thread_id 250] [start: 500 - end: 4095]
[DSP 12] [thread_id 250] [start: 500 - end: 4095]
[DSP 0] [thread_id 500] [start: 750 - end: 4095]
[DSP 4] [thread_id 250] [start: 500 - end: 4095]
[DSP 8] [thread_id 250] [start: 500 - end: 4095]
[DSP 14] [thread_id 250] [start: 500 - end: 4095]
[DSP 1] [thread_id 500] [start: 750 - end: 4095]
[DSP 5] [thread_id 250] [start: 500 - end: 4095]
[DSP 9] [thread_id 250] [start: 500 - end: 4095]
[DSP 12] [thread_id 500] [start: 750 - end: 4095]
[DSP 2] [thread_id 500] [start: 750 - end: 4095]
[DSP 4] [thread_id 500] [start: 750 - end: 4095]
[DSP 8] [thread_id 500] [start: 750 - end: 4095]
[DSP 14] [thread_id 500] [start: 750 - end: 4095]
[DSP 3] [thread_id 500] [start: 750 - end: 4095]
[DSP 5] [thread_id 500] [start: 750 - end: 4095]
[DSP 9] [thread_id 500] [start: 750 - end: 4095]
[DSP 9] [thread_id 750] [start: 1000 - end: 4095]
[DSP 15] [thread_id 500] [start: 750 - end: 4095]
[DSP 0] [thread_id 750] [start: 1000 - end: 4095]
[DSP 6] [thread_id 500] [start: 750 - end: 4095]
[DSP 10] [thread_id 500] [start: 750 - end: 4095]
[DSP 10] [thread_id 750] [start: 1000 - end: 4095]
[DSP 12] [thread_id 750] [start: 1000 - end: 4095]
[DSP 1] [thread_id 750] [start: 1000 - end: 4095]
[DSP 7] [thread_id 500] [start: 750 - end: 4095]
[DSP 11] [thread_id 500] [start: 750 - end: 4095]
[DSP 11] [thread_id 750] [start: 1000 - end: 4095]
[DSP 14] [thread_id 750] [start: 1000 - end: 4095]
[DSP 3] [thread_id 750] [start: 1000 - end: 4095]
[DSP 4] [thread_id 750] [start: 1000 - end: 4095]
[DSP 8] [thread_id 750] [start: 1000 - end: 4095]
[DSP 15] [thread_id 750] [start: 1000 - end: 4095]
[DSP 2] [thread_id 750] [start: 1000 - end: 4095]
[DSP 5] [thread_id 750] [start: 1000 - end: 4095]
[DSP 13] [thread_id 250] [start: 500 - end: 4095]
[DSP 6] [thread_id 750] [start: 1000 - end: 4095]
[DSP 13] [thread_id 500] [start: 750 - end: 4095]
[DSP 7] [thread_id 750] [start: 1000 - end: 4095]
[DSP 13] [thread_id 750] [start: 1000 - end: 4095]
[DSP 0] [thread_id 0] [start: 250 - end: 4095]
[DSP 4] [thread_id 0] [start: 250 - end: 4095]
[DSP 8] [thread_id 0] [start: 250 - end: 4095]
[DSP 1] [thread_id 0] [start: 250 - end: 4095]
[DSP 5] [thread_id 0] [start: 250 - end: 4095]
[DSP 9] [thread_id 0] [start: 250 - end: 4095]
[DSP 9] [thread_id 250] [start: 500 - end: 4095]
[DSP 12] [thread_id 0] [start: 250 - end: 4095]
[DSP 2] [thread_id 0] [start: 250 - end: 4095]
[DSP 6] [thread_id 0] [start: 250 - end: 4095]
[DSP 10] [thread_id 0] [start: 250 - end: 4095]
[DSP 10] [thread_id 250] [start: 500 - end: 4095]
[DSP 13] [thread_id 0] [start: 250 - end: 4095]
[DSP 3] [thread_id 0] [start: 250 - end: 4095]
[DSP 7] [thread_id 0] [start: 250 - end: 4095]
[DSP 11] [thread_id 0] [start: 250 - end: 4095]
[DSP 11] [thread_id 250] [start: 500 - end: 4095]
[DSP 14] [thread_id 0] [start: 250 - end: 4095]
[DSP 1] [thread_id 250] [start: 500 - end: 4095]
[DSP 4] [thread_id 250] [start: 500 - end: 4095]
[DSP 8] [thread_id 250] [start: 500 - end: 4095]
[DSP 15] [thread_id 0] [start: 250 - end: 4095]
[DSP 15] [thread_id 250] [start: 500 - end: 4095]
[DSP 2] [thread_id 250] [start: 500 - end: 4095]
[DSP 5] [thread_id 250] [start: 500 - end: 4095]
[DSP 8] [thread_id 500] [start: 750 - end: 4095]
[DSP 12] [thread_id 250] [start: 500 - end: 4095]
[DSP 3] [thread_id 250] [start: 500 - end: 4095]
[DSP 6] [thread_id 250] [start: 500 - end: 4095]
[DSP 9] [thread_id 500] [start: 750 - end: 4095]
[DSP 14] [thread_id 250] [start: 500 - end: 4095]
[DSP 0] [thread_id 250] [start: 500 - end: 4095]
[DSP 7] [thread_id 250] [start: 500 - end: 4095]
[DSP 10] [thread_id 500] [start: 750 - end: 4095]
[DSP 12] [thread_id 500] [start: 750 - end: 4095]
[DSP 2] [thread_id 500] [start: 750 - end: 4095]
[DSP 7] [thread_id 500] [start: 750 - end: 4095]
[DSP 11] [thread_id 500] [start: 750 - end: 4095]
[DSP 15] [thread_id 500] [start: 750 - end: 4095]
[DSP 0] [thread_id 500] [start: 750 - end: 4095]
[DSP 4] [thread_id 500] [start: 750 - end: 4095]
[DSP 9] [thread_id 750] [start: 1000 - end: 4095]
[DSP 14] [thread_id 500] [start: 750 - end: 4095]
[DSP 1] [thread_id 500] [start: 750 - end: 4095]
[DSP 5] [thread_id 500] [start: 750 - end: 4095]
[DSP 10] [thread_id 750] [start: 1000 - end: 4095]
[DSP 12] [thread_id 750] [start: 1000 - end: 4095]
[DSP 3] [thread_id 500] [start: 750 - end: 4095]
[DSP 6] [thread_id 500] [start: 750 - end: 4095]
[DSP 11] [thread_id 750] [start: 1000 - end: 4095]
[DSP 14] [thread_id 750] [start: 1000 - end: 4095]
[DSP 1] [thread_id 750] [start: 1000 - end: 4095]
[DSP 4] [thread_id 750] [start: 1000 - end: 4095]
[DSP 8] [thread_id 750] [start: 1000 - end: 4095]
[DSP 15] [thread_id 750] [start: 1000 - end: 4095]
[DSP 2] [thread_id 750] [start: 1000 - end: 4095]
[DSP 6] [thread_id 750] [start: 1000 - end: 4095]
[DSP 13] [thread_id 250] [start: 500 - end: 4095]
[DSP 0] [thread_id 750] [start: 1000 - end: 4095]
[DSP 7] [thread_id 750] [start: 1000 - end: 4095]
[DSP 13] [thread_id 500] [start: 750 - end: 4095]
[DSP 3] [thread_id 750] [start: 1000 - end: 4095]
[DSP 5] [thread_id 750] [start: 1000 - end: 4095]
[DSP 13] [thread_id 750] [start: 1000 - end: 4095]
[DSP 0] [thread_id 0] [start: 250 - end: 4095]
[DSP 4] [thread_id 0] [start: 250 - end: 4095]
[DSP 1] [thread_id 0] [start: 250 - end: 4095]
[DSP 8] [thread_id 0] [start: 250 - end: 4095]
[DSP 12] [thread_id 0] [start: 250 - end: 4095]
[DSP 2] [thread_id 0] [start: 250 - end: 4095]
[DSP 5] [thread_id 0] [start: 250 - end: 4095]
[DSP 9] [thread_id 0] [start: 250 - end: 4095]
[DSP 3] [thread_id 0] [start: 250 - end: 4095]
[DSP 6] [thread_id 0] [start: 250 - end: 4095]
[DSP 10] [thread_id 0] [start: 250 - end: 4095]
[DSP 13] [thread_id 0] [start: 250 - end: 4095]
[DSP 0] [thread_id 250] [start: 500 - end: 4095]
[DSP 7] [thread_id 0] [start: 250 - end: 4095]
[DSP 11] [thread_id 0] [start: 250 - end: 4095]
[DSP 14] [thread_id 0] [start: 250 - end: 4095]
[DSP 1] [thread_id 250] [start: 500 - end: 4095]
[DSP 5] [thread_id 250] [start: 500 - end: 4095]
[DSP 8] [thread_id 250] [start: 500 - end: 4095]
[DSP 15] [thread_id 0] [start: 250 - end: 4095]
[DSP 2] [thread_id 250] [start: 500 - end: 4095]
[DSP 6] [thread_id 250] [start: 500 - end: 4095]
[DSP 9] [thread_id 250] [start: 500 - end: 4095]
[DSP 12] [thread_id 250] [start: 500 - end: 4095]
[DSP 3] [thread_id 250] [start: 500 - end: 4095]
[DSP 7] [thread_id 250] [start: 500 - end: 4095]
[DSP 13] [thread_id 250] [start: 500 - end: 4095]
[DSP 1] [thread_id 500] [start: 750 - end: 4095]
[DSP 4] [thread_id 250] [start: 500 - end: 4095]
[DSP 10] [thread_id 250] [start: 500 - end: 4095]
[DSP 14] [thread_id 250] [start: 500 - end: 4095]
[DSP 2] [thread_id 500] [start: 750 - end: 4095]
[DSP 6] [thread_id 500] [start: 750 - end: 4095]
[DSP 11] [thread_id 250] [start: 500 - end: 4095]
[DSP 15] [thread_id 250] [start: 500 - end: 4095]
[DSP 3] [thread_id 500] [start: 750 - end: 4095]
[DSP 7] [thread_id 500] [start: 750 - end: 4095]
[DSP 10] [thread_id 500] [start: 750 - end: 4095]
[DSP 12] [thread_id 500] [start: 750 - end: 4095]
[DSP 0] [thread_id 500] [start: 750 - end: 4095]
[DSP 4] [thread_id 500] [start: 750 - end: 4095]
[DSP 8] [thread_id 500] [start: 750 - end: 4095]
[DSP 13] [thread_id 500] [start: 750 - end: 4095]
[DSP 1] [thread_id 750] [start: 1000 - end: 4095]
[DSP 5] [thread_id 500] [start: 750 - end: 4095]
[DSP 9] [thread_id 500] [start: 750 - end: 4095]
[DSP 14] [thread_id 500] [start: 750 - end: 4095]
[DSP 2] [thread_id 750] [start: 1000 - end: 4095]
[DSP 4] [thread_id 750] [start: 1000 - end: 4095]
[DSP 11] [thread_id 500] [start: 750 - end: 4095]
[DSP 15] [thread_id 500] [start: 750 - end: 4095]
[DSP 0] [thread_id 750] [start: 1000 - end: 4095]
[DSP 5] [thread_id 750] [start: 1000 - end: 4095]
[DSP 8] [thread_id 750] [start: 1000 - end: 4095]
[DSP 12] [thread_id 750] [start: 1000 - end: 4095]
[DSP 3] [thread_id 750] [start: 1000 - end: 4095]
[DSP 6] [thread_id 750] [start: 1000 - end: 4095]
[DSP 9] [thread_id 750] [start: 1000 - end: 4095]
[DSP 15] [thread_id 750] [start: 1000 - end: 4095]
[DSP 0] [thread_id 0] [start: 250 - end: 4095]
[DSP 7] [thread_id 750] [start: 1000 - end: 4095]
[DSP 10] [thread_id 750] [start: 1000 - end: 4095]
[DSP 13] [thread_id 750] [start: 1000 - end: 4095]
[DSP 1] [thread_id 0] [start: 250 - end: 4095]
[DSP 4] [thread_id 0] [start: 250 - end: 4095]
[DSP 11] [thread_id 750] [start: 1000 - end: 4095]
[DSP 2] [thread_id 0] [start: 250 - end: 4095]
[DSP 5] [thread_id 0] [start: 250 - end: 4095]
[DSP 3] [thread_id 0] [start: 250 - end: 4095]
[DSP 6] [thread_id 0] [start: 250 - end: 4095]
[DSP 0] [thread_id 250] [start: 500 - end: 4095]
[DSP 1] [thread_id 250] [start: 500 - end: 4095]
[DSP 2] [thread_id 250] [start: 500 - end: 4095]
[DSP 3] [thread_id 250] [start: 500 - end: 4095]
[DSP 7] [thread_id 0] [start: 250 - end: 4095]
[DSP 2] [thread_id 500] [start: 750 - end: 4095]
[DSP 6] [thread_id 250] [start: 500 - end: 4095]
[DSP 0] [thread_id 500] [start: 750 - end: 4095]
[DSP 7] [thread_id 250] [start: 500 - end: 4095]
[DSP 1] [thread_id 500] [start: 750 - end: 4095]
[DSP 4] [thread_id 250] [start: 500 - end: 4095]
[DSP 3] [thread_id 500] [start: 750 - end: 4095]
[DSP 5] [thread_id 250] [start: 500 - end: 4095]
[DSP 1] [thread_id 750] [start: 1000 - end: 4095]
[DSP 4] [thread_id 500] [start: 750 - end: 4095]
[DSP 2] [thread_id 750] [start: 1000 - end: 4095]
[DSP 6] [thread_id 500] [start: 750 - end: 4095]
[DSP 3] [thread_id 750] [start: 1000 - end: 4095]
[DSP 7] [thread_id 500] [start: 750 - end: 4095]
[DSP 0] [thread_id 750] [start: 1000 - end: 4095]
[DSP 5] [thread_id 500] [start: 750 - end: 4095]
[DSP 6] [thread_id 750] [start: 1000 - end: 4095]
[DSP 4] [thread_id 750] [start: 1000 - end: 4095]
[DSP 5] [thread_id 750] [start: 1000 - end: 4095]
[DSP 7] [thread_id 750] [start: 1000 - end: 4095]
time used: 40 ms
time used: 40 ms
time used: 40 ms
time used: 40 ms
time used: 43 ms
[DSP 8] [thread_id 0] [start: 250 - end: 4095]
time used: 43 ms
[DSP 9] [thread_id 0] [start: 250 - end: 4095]
[DSP 14] [thread_id 750] [start: 1000 - end: 4095]
time used: 43 ms
[DSP 10] [thread_id 0] [start: 250 - end: 4095]
[DSP 12] [thread_id 0] [start: 250 - end: 4095]
time used: 43 ms
[DSP 11] [thread_id 0] [start: 250 - end: 4095]
[DSP 13] [thread_id 0] [start: 250 - end: 4095]
[DSP 8] [thread_id 250] [start: 500 - end: 4095]
[DSP 14] [thread_id 0] [start: 250 - end: 4095]
[DSP 9] [thread_id 250] [start: 500 - end: 4095]
[DSP 15] [thread_id 0] [start: 250 - end: 4095]
[DSP 10] [thread_id 250] [start: 500 - end: 4095]
[DSP 12] [thread_id 250] [start: 500 - end: 4095]
[DSP 11] [thread_id 250] [start: 500 - end: 4095]
[DSP 13] [thread_id 250] [start: 500 - end: 4095]
[DSP 8] [thread_id 500] [start: 750 - end: 4095]
[DSP 14] [thread_id 250] [start: 500 - end: 4095]
[DSP 9] [thread_id 500] [start: 750 - end: 4095]
[DSP 15] [thread_id 250] [start: 500 - end: 4095]
[DSP 10] [thread_id 500] [start: 750 - end: 4095]
[DSP 12] [thread_id 500] [start: 750 - end: 4095]
[DSP 11] [thread_id 500] [start: 750 - end: 4095]
[DSP 15] [thread_id 500] [start: 750 - end: 4095]
[DSP 9] [thread_id 750] [start: 1000 - end: 4095]
[DSP 13] [thread_id 500] [start: 750 - end: 4095]
[DSP 8] [thread_id 750] [start: 1000 - end: 4095]
[DSP 14] [thread_id 500] [start: 750 - end: 4095]
[DSP 10] [thread_id 750] [start: 1000 - end: 4095]
[DSP 12] [thread_id 750] [start: 1000 - end: 4095]
[DSP 11] [thread_id 750] [start: 1000 - end: 4095]
[DSP 15] [thread_id 750] [start: 1000 - end: 4095]
time used: 42 ms
[DSP 13] [thread_id 750] [start: 1000 - end: 4095]
time used: 42 ms
[DSP 14] [thread_id 750] [start: 1000 - end: 4095]
time used: 42 ms
time used: 42 ms
time used: 42 ms
time used: 42 ms
time used: 43 ms
time used: 42 ms
